Jean Henri Dunant,1901,M,Switzerland
Frederic Passy,1901,M,France
Elie Ducommun,1902,M,Switzerland
Baroness Bertha Sophie Felicita Von Suttner,1905,F
