Frederic Passy,Paris
Elie Ducommun,<<NULL>>
Jean Henri Dunant,<<NULL>>
