1901,Switzerland
1901,France
1902,Switzerland
1905,<<NULL>>
